Archive member included to satisfy reference by file (symbol)

/usr/lib/gcc/arm-none-eabi/9.2.1/libgcc.a(_udivsi3.o)
                              build/stdio.o (__aeabi_uidiv)
/usr/lib/gcc/arm-none-eabi/9.2.1/libgcc.a(_dvmd_tls.o)
                              /usr/lib/gcc/arm-none-eabi/9.2.1/libgcc.a(_udivsi3.o) (__aeabi_idiv0)

Memory Configuration

Name             Origin             Length             Attributes
*default*        0x0000000000000000 0xffffffffffffffff

Linker script and memory map

LOAD build/Entry.os
LOAD build/Main.o
LOAD build/Handler.o
LOAD build/Regs.o
LOAD build/Interrupt.o
LOAD build/Uart.o
LOAD build/Timer.o
LOAD build/stdlib.o
LOAD build/stdio.o
LOAD build/armcpu.o
LOAD build/task.o
LOAD build/event.o
LOAD build/Kernel.o
LOAD /usr/lib/gcc/arm-none-eabi/9.2.1/libgcc.a
                0x0000000000000000                . = 0x0

.text           0x0000000000000000     0x1858
 *(vector_start)
 *(.text .rodata)
 .text          0x0000000000000000       0xd4 build/Entry.os
                0x0000000000000000                vector_start
                0x000000000000003c                vector_end
 .text          0x00000000000000d4      0x34c build/Main.o
                0x000000000000017c                User_task0
                0x0000000000000204                User_task1
                0x000000000000024c                User_task2
                0x0000000000000284                main
 .rodata        0x0000000000000420      0x188 build/Main.o
 .text          0x00000000000005a8       0x24 build/Handler.o
                0x00000000000005a8                Irq_Handler
                0x00000000000005c4                Fiq_Handler
 .text          0x00000000000005cc        0x0 build/Regs.o
 .text          0x00000000000005cc      0x2f8 build/Interrupt.o
                0x00000000000005cc                Hal_interrupt_init
                0x0000000000000668                Hal_interrupt_enable
                0x0000000000000734                Hal_interrupt_disable
                0x0000000000000808                Hal_interrupt_register_handler
                0x0000000000000840                Hal_interrupt_run_handler
 .text          0x00000000000008c4      0x1d0 build/Uart.o
                0x00000000000008c4                Hal_uart_init
                0x0000000000000964                Hal_uart_put_char
                0x00000000000009c0                Hal_uart_get_char
 .text          0x0000000000000a94      0x210 build/Timer.o
                0x0000000000000a94                Hal_timer_init
                0x0000000000000c80                Hal_timer_get_1ms_counter
 .text          0x0000000000000ca4       0x4c build/stdlib.o
                0x0000000000000ca4                delay
 .text          0x0000000000000cf0      0x454 build/stdio.o
                0x0000000000000cf0                putstr
                0x0000000000000d50                debug_printf
                0x0000000000000da0                vsprintf
                0x0000000000001020                utoa
 .rodata        0x0000000000001144        0x7 build/stdio.o
 *fill*         0x000000000000114b        0x1 
 .text          0x000000000000114c       0xb0 build/armcpu.o
                0x000000000000114c                enable_irq
                0x0000000000001178                enable_fiq
                0x00000000000011a4                disable_irq
                0x00000000000011d0                disable_fiq
 .text          0x00000000000011fc      0x300 build/task.o
                0x00000000000011fc                Kernel_task_scheduler
                0x00000000000012cc                Kernel_task_init
                0x00000000000013d8                Kernel_task_start
                0x0000000000001414                Kernel_task_create
                0x00000000000014a8                Kernel_task_context_switching
 .text          0x00000000000014fc       0xf8 build/event.o
                0x00000000000014fc                Kernel_event_flag_init
                0x0000000000001524                Kernel_event_flag_set
                0x0000000000001564                Kernel_event_flag_clear
                0x00000000000015a8                Kernel_event_flag_check
 .text          0x00000000000015f4      0x14c build/Kernel.o
                0x00000000000015f4                Kernel_yield
                0x0000000000001608                Kernel_start
                0x000000000000161c                Kernel_send_events
                0x00000000000016a4                Kernel_wait_events
 .text          0x0000000000001740      0x114 /usr/lib/gcc/arm-none-eabi/9.2.1/libgcc.a(_udivsi3.o)
                0x0000000000001740                __udivsi3
                0x0000000000001740                __aeabi_uidiv
                0x0000000000001834                __aeabi_uidivmod
 .text          0x0000000000001854        0x4 /usr/lib/gcc/arm-none-eabi/9.2.1/libgcc.a(_dvmd_tls.o)
                0x0000000000001854                __aeabi_ldiv0
                0x0000000000001854                __aeabi_idiv0

.glue_7         0x0000000000001858        0x0
 .glue_7        0x0000000000001858        0x0 linker stubs

.glue_7t        0x0000000000001858        0x0
 .glue_7t       0x0000000000001858        0x0 linker stubs

.vfp11_veneer   0x0000000000001858        0x0
 .vfp11_veneer  0x0000000000001858        0x0 linker stubs

.v4_bx          0x0000000000001858        0x0
 .v4_bx         0x0000000000001858        0x0 linker stubs

.iplt           0x0000000000001858        0x0
 .iplt          0x0000000000001858        0x0 build/Entry.os

.rel.dyn        0x0000000000001858        0x0
 .rel.iplt      0x0000000000001858        0x0 build/Entry.os

.data           0x0000000000001858       0x10
 *(.data)
 .data          0x0000000000001858        0x0 build/Entry.os
 .data          0x0000000000001858        0x0 build/Main.o
 .data          0x0000000000001858        0x0 build/Handler.o
 .data          0x0000000000001858       0x10 build/Regs.o
                0x0000000000001858                Uart
                0x000000000000185c                GicCpu
                0x0000000000001860                GicDist
                0x0000000000001864                Timer
 .data          0x0000000000001868        0x0 build/Interrupt.o
 .data          0x0000000000001868        0x0 build/Uart.o
 .data          0x0000000000001868        0x0 build/Timer.o
 .data          0x0000000000001868        0x0 build/stdlib.o
 .data          0x0000000000001868        0x0 build/stdio.o
 .data          0x0000000000001868        0x0 build/armcpu.o
 .data          0x0000000000001868        0x0 build/task.o
 .data          0x0000000000001868        0x0 build/event.o
 .data          0x0000000000001868        0x0 build/Kernel.o
 .data          0x0000000000001868        0x0 /usr/lib/gcc/arm-none-eabi/9.2.1/libgcc.a(_udivsi3.o)
 .data          0x0000000000001868        0x0 /usr/lib/gcc/arm-none-eabi/9.2.1/libgcc.a(_dvmd_tls.o)

.igot.plt       0x0000000000001868        0x0
 .igot.plt      0x0000000000001868        0x0 build/Entry.os

.bss            0x0000000000001868      0xa14
 *(.bss)
 .bss           0x0000000000001868        0x0 build/Entry.os
 .bss           0x0000000000001868        0x0 build/Main.o
 .bss           0x0000000000001868        0x0 build/Handler.o
 .bss           0x0000000000001868        0x0 build/Regs.o
 .bss           0x0000000000001868      0x3fc build/Interrupt.o
 .bss           0x0000000000001c64        0x0 build/Uart.o
 .bss           0x0000000000001c64        0x4 build/Timer.o
 .bss           0x0000000000001c68        0x0 build/stdlib.o
 .bss           0x0000000000001c68      0x400 build/stdio.o
 .bss           0x0000000000002068        0x0 build/armcpu.o
 .bss           0x0000000000002068      0x210 build/task.o
 .bss           0x0000000000002278        0x4 build/event.o
 .bss           0x000000000000227c        0x0 build/Kernel.o
 .bss           0x000000000000227c        0x0 /usr/lib/gcc/arm-none-eabi/9.2.1/libgcc.a(_udivsi3.o)
 .bss           0x000000000000227c        0x0 /usr/lib/gcc/arm-none-eabi/9.2.1/libgcc.a(_dvmd_tls.o)
OUTPUT(build/moonos.axf elf32-littlearm)
LOAD linker stubs

.ARM.attributes
                0x0000000000000000       0x2b
 .ARM.attributes
                0x0000000000000000       0x1d build/Entry.os
 .ARM.attributes
                0x000000000000001d       0x2f build/Main.o
 .ARM.attributes
                0x000000000000004c       0x2f build/Handler.o
 .ARM.attributes
                0x000000000000007b       0x2f build/Regs.o
 .ARM.attributes
                0x00000000000000aa       0x2f build/Interrupt.o
 .ARM.attributes
                0x00000000000000d9       0x2f build/Uart.o
 .ARM.attributes
                0x0000000000000108       0x2f build/Timer.o
 .ARM.attributes
                0x0000000000000137       0x2f build/stdlib.o
 .ARM.attributes
                0x0000000000000166       0x2f build/stdio.o
 .ARM.attributes
                0x0000000000000195       0x2f build/armcpu.o
 .ARM.attributes
                0x00000000000001c4       0x2f build/task.o
 .ARM.attributes
                0x00000000000001f3       0x2f build/event.o
 .ARM.attributes
                0x0000000000000222       0x2f build/Kernel.o
 .ARM.attributes
                0x0000000000000251       0x1c /usr/lib/gcc/arm-none-eabi/9.2.1/libgcc.a(_udivsi3.o)
 .ARM.attributes
                0x000000000000026d       0x1c /usr/lib/gcc/arm-none-eabi/9.2.1/libgcc.a(_dvmd_tls.o)

.comment        0x0000000000000000       0x59
 .comment       0x0000000000000000       0x59 build/Main.o
                                         0x5a (size before relaxing)
 .comment       0x0000000000000059       0x5a build/Handler.o
 .comment       0x0000000000000059       0x5a build/Regs.o
 .comment       0x0000000000000059       0x5a build/Interrupt.o
 .comment       0x0000000000000059       0x5a build/Uart.o
 .comment       0x0000000000000059       0x5a build/Timer.o
 .comment       0x0000000000000059       0x5a build/stdlib.o
 .comment       0x0000000000000059       0x5a build/stdio.o
 .comment       0x0000000000000059       0x5a build/armcpu.o
 .comment       0x0000000000000059       0x5a build/task.o
 .comment       0x0000000000000059       0x5a build/event.o
 .comment       0x0000000000000059       0x5a build/Kernel.o

.debug_line     0x0000000000000000      0xb5f
 .debug_line    0x0000000000000000       0x6d build/Entry.os
 .debug_line    0x000000000000006d      0x15a build/Main.o
 .debug_line    0x00000000000001c7       0x4e build/Handler.o
 .debug_line    0x0000000000000215       0x68 build/Regs.o
 .debug_line    0x000000000000027d      0x126 build/Interrupt.o
 .debug_line    0x00000000000003a3      0x106 build/Uart.o
 .debug_line    0x00000000000004a9       0xe0 build/Timer.o
 .debug_line    0x0000000000000589       0x6a build/stdlib.o
 .debug_line    0x00000000000005f3      0x188 build/stdio.o
 .debug_line    0x000000000000077b       0x69 build/armcpu.o
 .debug_line    0x00000000000007e4      0x151 build/task.o
 .debug_line    0x0000000000000935       0x8d build/event.o
 .debug_line    0x00000000000009c2       0xd2 build/Kernel.o
 .debug_line    0x0000000000000a94       0x74 /usr/lib/gcc/arm-none-eabi/9.2.1/libgcc.a(_udivsi3.o)
 .debug_line    0x0000000000000b08       0x57 /usr/lib/gcc/arm-none-eabi/9.2.1/libgcc.a(_dvmd_tls.o)

.debug_info     0x0000000000000000     0x37b5
 .debug_info    0x0000000000000000       0x26 build/Entry.os
 .debug_info    0x0000000000000026      0x364 build/Main.o
 .debug_info    0x000000000000038a       0x82 build/Handler.o
 .debug_info    0x000000000000040c     0x124d build/Regs.o
 .debug_info    0x0000000000001659      0x691 build/Interrupt.o
 .debug_info    0x0000000000001cea      0xceb build/Uart.o
 .debug_info    0x00000000000029d5      0x2c6 build/Timer.o
 .debug_info    0x0000000000002c9b       0x9a build/stdlib.o
 .debug_info    0x0000000000002d35      0x2bc build/stdio.o
 .debug_info    0x0000000000002ff1       0x6e build/armcpu.o
 .debug_info    0x000000000000305f      0x287 build/task.o
 .debug_info    0x00000000000032e6      0x228 build/event.o
 .debug_info    0x000000000000350e      0x25b build/Kernel.o
 .debug_info    0x0000000000003769       0x26 /usr/lib/gcc/arm-none-eabi/9.2.1/libgcc.a(_udivsi3.o)
 .debug_info    0x000000000000378f       0x26 /usr/lib/gcc/arm-none-eabi/9.2.1/libgcc.a(_dvmd_tls.o)

.debug_abbrev   0x0000000000000000      0xc80
 .debug_abbrev  0x0000000000000000       0x14 build/Entry.os
 .debug_abbrev  0x0000000000000014      0x103 build/Main.o
 .debug_abbrev  0x0000000000000117       0x5e build/Handler.o
 .debug_abbrev  0x0000000000000175      0x11a build/Regs.o
 .debug_abbrev  0x000000000000028f      0x19c build/Interrupt.o
 .debug_abbrev  0x000000000000042b      0x1e5 build/Uart.o
 .debug_abbrev  0x0000000000000610      0x132 build/Timer.o
 .debug_abbrev  0x0000000000000742       0x75 build/stdlib.o
 .debug_abbrev  0x00000000000007b7      0x131 build/stdio.o
 .debug_abbrev  0x00000000000008e8       0x2e build/armcpu.o
 .debug_abbrev  0x0000000000000916      0x16a build/task.o
 .debug_abbrev  0x0000000000000a80       0xdf build/event.o
 .debug_abbrev  0x0000000000000b5f       0xf9 build/Kernel.o
 .debug_abbrev  0x0000000000000c58       0x14 /usr/lib/gcc/arm-none-eabi/9.2.1/libgcc.a(_udivsi3.o)
 .debug_abbrev  0x0000000000000c6c       0x14 /usr/lib/gcc/arm-none-eabi/9.2.1/libgcc.a(_dvmd_tls.o)

.debug_aranges  0x0000000000000000      0x1d8
 .debug_aranges
                0x0000000000000000       0x20 build/Entry.os
 .debug_aranges
                0x0000000000000020       0x20 build/Main.o
 .debug_aranges
                0x0000000000000040       0x20 build/Handler.o
 .debug_aranges
                0x0000000000000060       0x18 build/Regs.o
 .debug_aranges
                0x0000000000000078       0x20 build/Interrupt.o
 .debug_aranges
                0x0000000000000098       0x20 build/Uart.o
 .debug_aranges
                0x00000000000000b8       0x20 build/Timer.o
 .debug_aranges
                0x00000000000000d8       0x20 build/stdlib.o
 .debug_aranges
                0x00000000000000f8       0x20 build/stdio.o
 .debug_aranges
                0x0000000000000118       0x20 build/armcpu.o
 .debug_aranges
                0x0000000000000138       0x20 build/task.o
 .debug_aranges
                0x0000000000000158       0x20 build/event.o
 .debug_aranges
                0x0000000000000178       0x20 build/Kernel.o
 .debug_aranges
                0x0000000000000198       0x20 /usr/lib/gcc/arm-none-eabi/9.2.1/libgcc.a(_udivsi3.o)
 .debug_aranges
                0x00000000000001b8       0x20 /usr/lib/gcc/arm-none-eabi/9.2.1/libgcc.a(_dvmd_tls.o)

.debug_str      0x0000000000000000     0x1028
 .debug_str     0x0000000000000000       0x35 build/Entry.os
 .debug_str     0x0000000000000035      0x52d build/Main.o
                                        0x567 (size before relaxing)
 .debug_str     0x0000000000000562       0x27 build/Handler.o
                                        0x144 (size before relaxing)
 .debug_str     0x0000000000000589      0x5ac build/Regs.o
                                        0x6d9 (size before relaxing)
 .debug_str     0x0000000000000b35       0xa8 build/Interrupt.o
                                        0x3e8 (size before relaxing)
 .debug_str     0x0000000000000bdd       0x74 build/Uart.o
                                        0x807 (size before relaxing)
 .debug_str     0x0000000000000c51       0x5c build/Timer.o
                                        0x28a (size before relaxing)
 .debug_str     0x0000000000000cad       0x18 build/stdlib.o
                                        0x13e (size before relaxing)
 .debug_str     0x0000000000000cc5       0x7c build/stdio.o
                                        0x1bc (size before relaxing)
 .debug_str     0x0000000000000d41       0x3b build/armcpu.o
                                         0xef (size before relaxing)
 .debug_str     0x0000000000000d7c      0x159 build/task.o
                                        0x287 (size before relaxing)
 .debug_str     0x0000000000000ed5       0x77 build/event.o
                                        0x524 (size before relaxing)
 .debug_str     0x0000000000000f4c       0x5e build/Kernel.o
                                        0x525 (size before relaxing)
 .debug_str     0x0000000000000faa       0x7e /usr/lib/gcc/arm-none-eabi/9.2.1/libgcc.a(_udivsi3.o)
                                         0x8a (size before relaxing)
 .debug_str     0x0000000000001028       0x8a /usr/lib/gcc/arm-none-eabi/9.2.1/libgcc.a(_dvmd_tls.o)

.debug_frame    0x0000000000000000      0x670
 .debug_frame   0x0000000000000000       0xfc build/Main.o
 .debug_frame   0x00000000000000fc       0x50 build/Handler.o
 .debug_frame   0x000000000000014c       0xb0 build/Interrupt.o
 .debug_frame   0x00000000000001fc       0x8c build/Uart.o
 .debug_frame   0x0000000000000288       0x70 build/Timer.o
 .debug_frame   0x00000000000002f8       0x30 build/stdlib.o
 .debug_frame   0x0000000000000328       0xac build/stdio.o
 .debug_frame   0x00000000000003d4       0x90 build/armcpu.o
 .debug_frame   0x0000000000000464       0xd4 build/task.o
 .debug_frame   0x0000000000000538       0x90 build/event.o
 .debug_frame   0x00000000000005c8       0x88 build/Kernel.o
 .debug_frame   0x0000000000000650       0x20 /usr/lib/gcc/arm-none-eabi/9.2.1/libgcc.a(_udivsi3.o)
